// Jest Snapshot v1, https://goo.gl/fbAQLP

exports[`should render the calculator section correctly 1`] = `
Object {
  "asFragment": [Function],
  "baseElement": <body>
    <div>
      <section
        class="calculator-section"
      >
        <h2
          class="secondry-header"
        >
          Let's do some Math!
        </h2>
        <div
          class="calculator"
        >
          <input
            class="number-input"
            readonly=""
            type="text"
            value="0"
          />
          <div
            class="first-row"
          >
            <button
              type="button"
            >
              AC
            </button>
            <button
              type="button"
            >
              +/-
            </button>
            <button
              type="button"
            >
              %
            </button>
            <button
              type="button"
            >
              รท
            </button>
          </div>
          <div
            class="second-row"
          >
            <button
              type="button"
            >
              7
            </button>
            <button
              type="button"
            >
              8
            </button>
            <button
              type="button"
            >
              9
            </button>
            <button
              type="button"
            >
              x
            </button>
          </div>
          <div
            class="third-row"
          >
            <button
              type="button"
            >
              4
            </button>
            <button
              type="button"
            >
              5
            </button>
            <button
              type="button"
            >
              6
            </button>
            <button
              type="button"
            >
              -
            </button>
          </div>
          <div
            class="third-row"
          >
            <button
              type="button"
            >
              1
            </button>
            <button
              type="button"
            >
              2
            </button>
            <button
              type="button"
            >
              3
            </button>
            <button
              type="button"
            >
              +
            </button>
          </div>
          <div
            class="fifth-row"
          >
            <button
              type="button"
            >
              0
            </button>
            <button
              type="button"
            >
              .
            </button>
            <button
              type="button"
            >
              =
            </button>
          </div>
        </div>
      </section>
    </div>
  </body>,
  "container": <div>
    <section
      class="calculator-section"
    >
      <h2
        class="secondry-header"
      >
        Let's do some Math!
      </h2>
      <div
        class="calculator"
      >
        <input
          class="number-input"
          readonly=""
          type="text"
          value="0"
        />
        <div
          class="first-row"
        >
          <button
            type="button"
          >
            AC
          </button>
          <button
            type="button"
          >
            +/-
          </button>
          <button
            type="button"
          >
            %
          </button>
          <button
            type="button"
          >
            รท
          </button>
        </div>
        <div
          class="second-row"
        >
          <button
            type="button"
          >
            7
          </button>
          <button
            type="button"
          >
            8
          </button>
          <button
            type="button"
          >
            9
          </button>
          <button
            type="button"
          >
            x
          </button>
        </div>
        <div
          class="third-row"
        >
          <button
            type="button"
          >
            4
          </button>
          <button
            type="button"
          >
            5
          </button>
          <button
            type="button"
          >
            6
          </button>
          <button
            type="button"
          >
            -
          </button>
        </div>
        <div
          class="third-row"
        >
          <button
            type="button"
          >
            1
          </button>
          <button
            type="button"
          >
            2
          </button>
          <button
            type="button"
          >
            3
          </button>
          <button
            type="button"
          >
            +
          </button>
        </div>
        <div
          class="fifth-row"
        >
          <button
            type="button"
          >
            0
          </button>
          <button
            type="button"
          >
            .
          </button>
          <button
            type="button"
          >
            =
          </button>
        </div>
      </div>
    </section>
  </div>,
  "debug": [Function],
  "findAllByAltText": [Function],
  "findAllByDisplayValue": [Function],
  "findAllByLabelText": [Function],
  "findAllByPlaceholderText": [Function],
  "findAllByRole": [Function],
  "findAllByTestId": [Function],
  "findAllByText": [Function],
  "findAllByTitle": [Function],
  "findByAltText": [Function],
  "findByDisplayValue": [Function],
  "findByLabelText": [Function],
  "findByPlaceholderText": [Function],
  "findByRole": [Function],
  "findByTestId": [Function],
  "findByText": [Function],
  "findByTitle": [Function],
  "getAllByAltText": [Function],
  "getAllByDisplayValue": [Function],
  "getAllByLabelText": [Function],
  "getAllByPlaceholderText": [Function],
  "getAllByRole": [Function],
  "getAllByTestId": [Function],
  "getAllByText": [Function],
  "getAllByTitle": [Function],
  "getByAltText": [Function],
  "getByDisplayValue": [Function],
  "getByLabelText": [Function],
  "getByPlaceholderText": [Function],
  "getByRole": [Function],
  "getByTestId": [Function],
  "getByText": [Function],
  "getByTitle": [Function],
  "queryAllByAltText": [Function],
  "queryAllByDisplayValue": [Function],
  "queryAllByLabelText": [Function],
  "queryAllByPlaceholderText": [Function],
  "queryAllByRole": [Function],
  "queryAllByTestId": [Function],
  "queryAllByText": [Function],
  "queryAllByTitle": [Function],
  "queryByAltText": [Function],
  "queryByDisplayValue": [Function],
  "queryByLabelText": [Function],
  "queryByPlaceholderText": [Function],
  "queryByRole": [Function],
  "queryByTestId": [Function],
  "queryByText": [Function],
  "queryByTitle": [Function],
  "rerender": [Function],
  "unmount": [Function],
}
`;

exports[`should render the home section correctly 1`] = `
Object {
  "asFragment": [Function],
  "baseElement": <body>
    <div>
      <div
        class="container"
      >
        <h1>
          Welcome to Math Magicians!
        </h1>
        <p>
          Math Magician is a sleek and intuitive website featuring a powerful calculator for mathematical operations. With its simple and elegant design, performing calculations becomes a breeze.
        </p>
        <p>
          Additionally, the website offers an inspiring Quote section, where users can discover motivational quotes fetched from an external API. This single-page application combines functionality and aesthetics, providing an enjoyable user experience.
        </p>
      </div>
    </div>
  </body>,
  "container": <div>
    <div
      class="container"
    >
      <h1>
        Welcome to Math Magicians!
      </h1>
      <p>
        Math Magician is a sleek and intuitive website featuring a powerful calculator for mathematical operations. With its simple and elegant design, performing calculations becomes a breeze.
      </p>
      <p>
        Additionally, the website offers an inspiring Quote section, where users can discover motivational quotes fetched from an external API. This single-page application combines functionality and aesthetics, providing an enjoyable user experience.
      </p>
    </div>
  </div>,
  "debug": [Function],
  "findAllByAltText": [Function],
  "findAllByDisplayValue": [Function],
  "findAllByLabelText": [Function],
  "findAllByPlaceholderText": [Function],
  "findAllByRole": [Function],
  "findAllByTestId": [Function],
  "findAllByText": [Function],
  "findAllByTitle": [Function],
  "findByAltText": [Function],
  "findByDisplayValue": [Function],
  "findByLabelText": [Function],
  "findByPlaceholderText": [Function],
  "findByRole": [Function],
  "findByTestId": [Function],
  "findByText": [Function],
  "findByTitle": [Function],
  "getAllByAltText": [Function],
  "getAllByDisplayValue": [Function],
  "getAllByLabelText": [Function],
  "getAllByPlaceholderText": [Function],
  "getAllByRole": [Function],
  "getAllByTestId": [Function],
  "getAllByText": [Function],
  "getAllByTitle": [Function],
  "getByAltText": [Function],
  "getByDisplayValue": [Function],
  "getByLabelText": [Function],
  "getByPlaceholderText": [Function],
  "getByRole": [Function],
  "getByTestId": [Function],
  "getByText": [Function],
  "getByTitle": [Function],
  "queryAllByAltText": [Function],
  "queryAllByDisplayValue": [Function],
  "queryAllByLabelText": [Function],
  "queryAllByPlaceholderText": [Function],
  "queryAllByRole": [Function],
  "queryAllByTestId": [Function],
  "queryAllByText": [Function],
  "queryAllByTitle": [Function],
  "queryByAltText": [Function],
  "queryByDisplayValue": [Function],
  "queryByLabelText": [Function],
  "queryByPlaceholderText": [Function],
  "queryByRole": [Function],
  "queryByTestId": [Function],
  "queryByText": [Function],
  "queryByTitle": [Function],
  "rerender": [Function],
  "unmount": [Function],
}
`;
